data/test/output/src/tests/feature.test.ts/file_name.txt