data/test/output/src/tests/validation_file/existing.json