data/test/validation/src/tests/feature.test.ts/validation_file/existing.json