{
  "$type": "Set",
  "values": [
    "item1",
    "item2"
  ]
}