{
  "$type": "string",
  "value": "first line\nsecond line"
}