.tmp/output/src/tests/feature.test.ts/validation_file/missing.txt