Actual file '.tmp/output/src/tests/feature.test.ts/validation_file/missing.txt'
does not match validation file '.tmp/validation/src/tests/feature.test.ts/validation_file/missing.txt'