.tmp/validation/src/tests/validation_file/missing.txt