.tmp/output/tests/feature.test.ts/custom_baseDir.txt