.tmp/validation/tests/feature.test.ts/custom_baseDir.txt