Missing validation file '[TMP_DIR]/validation/src/tests/feature/test.txt'