{
  "number": "[NUMBER]",
  "array": [
    "0:item 1",
    "1:item 2"
  ],
  "object": {
    "key": "key:value"
  }
}