{
  "$type": "Date",
  "value": "2000-01-01T12:34:56.000Z"
}
