{
  "$type": "number",
  "value": "Number.MIN_VALUE"
}
