{
  "$type": "number",
  "value": "Number.MIN_SAFE_INTEGER"
}
