{
  "$type": "number",
  "value": "Number.POSITIVE_INFINITY"
}