{
  "$type": "number",
  "value": "Number.MAX_VALUE"
}