{
  "$type": "number",
  "value": "Number.NEGATIVE_INFINITY"
}