{
  "$type": "number",
  "value": "Number.MAX_SAFE_INTEGER"
}