.tmp/output/src/tests/feature.test.ts/file/name.txt