data/test/validation/src/tests/feature.test.ts/file/name.txt