data/test/output/src/tests/feature.test.ts/validation_file/existing.json