Missing validation file '.tmp/validation/src/tests/feature.test.ts/file/name.txt'