custom-validation/src/tests/feature.test.ts/file/name.txt