.tmp/validation/src/tests/feature.test.ts/file_name.txt