Actual file '.tmp/output/src/tests/feature.test.ts/file_name.txt'
does not match validation file '.tmp/validation/src/tests/feature.test.ts/file_name.txt'